{"mode":"anonymous","path":"/notifications?page=2","status":307,"next":"/notifications?page=2","result":"PASS"}
{"mode":"anonymous","path":"/lease/write","status":200,"next":null,"result":"FAIL"}
{"mode":"anonymous","path":"/lease/review-placeholder/edit","status":200,"next":null,"result":"FAIL"}
{"mode":"anonymous","path":"/cbt/my","status":307,"next":"/cbt/my","result":"PASS"}
{"mode":"anonymous","path":"/mypage","status":307,"next":"/mypage","result":"PASS"}
{"mode":"anonymous","path":"/mypage/lead?page=2&pageSize=20","status":307,"next":"/mypage/lead?page=2&pageSize=20","result":"PASS"}
{"mode":"anonymous","path":"/company/apply","status":307,"next":"/company/apply","result":"PASS"}
{"mode":"anonymous","path":"/company/ads?companyId=review-placeholder","status":307,"next":"/company/ads?companyId=review-placeholder","result":"PASS"}
{"mode":"anonymous","path":"/company/leads?companyId=review-placeholder&leadId=review-lead&page=2","status":307,"next":"/company/leads?companyId=review-placeholder&leadId=review-lead&page=2","result":"PASS"}
{"mode":"anonymous","path":"/company/operations?companyId=review-placeholder&page=2&filter=all","status":307,"next":"/company/operations?companyId=review-placeholder&page=2&filter=all","result":"PASS"}
{"mode":"expired","path":"/notifications?page=2","status":307,"next":"/notifications?page=2","result":"PASS"}
{"mode":"expired","path":"/lease/write","status":200,"next":null,"result":"FAIL"}
{"mode":"expired","path":"/lease/review-placeholder/edit","status":200,"next":null,"result":"FAIL"}
{"mode":"expired","path":"/cbt/my","status":307,"next":"/cbt/my","result":"PASS"}
{"mode":"expired","path":"/mypage","status":307,"next":"/mypage","result":"PASS"}
{"mode":"expired","path":"/mypage/lead?page=2&pageSize=20","status":307,"next":"/mypage/lead?page=2&pageSize=20","result":"PASS"}
{"mode":"expired","path":"/company/apply","status":307,"next":"/company/apply","result":"PASS"}
{"mode":"expired","path":"/company/ads?companyId=review-placeholder","status":307,"next":"/company/ads?companyId=review-placeholder","result":"PASS"}
{"mode":"expired","path":"/company/leads?companyId=review-placeholder&leadId=review-lead&page=2","status":307,"next":"/company/leads?companyId=review-placeholder&page=2&leadId=review-lead","result":"FAIL"}
{"mode":"expired","path":"/company/operations?companyId=review-placeholder&page=2&filter=all","status":307,"next":"/company/operations?companyId=review-placeholder&page=2&filter=all","result":"PASS"}
{"total":20,"failed":5,"databaseWrites":0}
