오전 12:13:56 [vite] (client) Re-optimizing dependencies because vite config has changed
{
  "method": "existing verifier via installed Vite; tsx CLI failed uv_os_get_passwd",
  "canonicalVersion": "launch-exact-80-manifest-v1",
  "semanticChecksum": "dd07ebcf5ab9d38c30438e125033e078cf165c53acfd4c27c38d24614d48ebbb",
  "artifactChecksum": "fe45f65e10ae004c4a8ace3cc931cf47aaf9fdefe2e15e12b28836ecfb51847e",
  "categoryCounts": {
    "CAT-HANDLING": 20,
    "CAT-LAW": 20,
    "CAT-SAFETY": 20,
    "CAT-SERVICE": 20
  },
  "candidateQuestionCount": 80,
  "generatedQuestionCount": 80,
  "masterQuestionCount": 80,
  "excludedSourceQuestionPresent": false,
  "includedReplacementSourceQuestionPresent": true,
  "replacementMasterQuestionPresent": true,
  "dataMinimization": "PASS",
  "dbWrite": false
}
